<html>
<body>
<pre>
<h1>µVision Build Log</h1>
<h2>Tool Versions:</h2>
IDE-Version: µVision V5.27.1.0
Copyright (C) 2019 ARM Ltd and ARM Germany GmbH. All rights reserved.
License Information: Stella Pulvis, ., LIC=R4HGK-ZKQ83-ILJCB-29103-Q86H1-2QFPT
 
Tool Versions:
Toolchain:       MDK-ARM Professional  Version: 5.28.0.0
Toolchain Path:  C:\Keil_v5\ARM\ARMCC\Bin
C Compiler:      Armcc.exe V5.06 update 6 (build 750)
Assembler:       Armasm.exe V5.06 update 6 (build 750)
Linker/Locator:  ArmLink.exe V5.06 update 6 (build 750)
Library Manager: ArmAr.exe V5.06 update 6 (build 750)
Hex Converter:   FromElf.exe V5.06 update 6 (build 750)
CPU DLL:         SARMCM3.DLL V5.28.0.0
Dialog DLL:      DARMCM1.DLL V1.19.2.0
Target DLL:      Nu_Link.dll V3.06
Dialog DLL:      TARMCM1.DLL V1.14.1.0
 
<h2>Project:</h2>
C:\Users\haska\Desktop\WS2812B_Nuvoton_M031\SampleCode\StdDriver\WS2812B_by_M031_SPI\KEIL\WS2812B.uvproj
Project File Date:  10/30/2021

<h2>Output:</h2>
*** Using Compiler 'V5.06 update 6 (build 750)', folder: 'C:\Keil_v5\ARM\ARMCC\Bin'
Rebuild target 'SPI'
assembling startup_M031Series.s...
creating preprocessor file for system_M031Series.c...
creating preprocessor file for clk.c...
creating preprocessor file for retarget.c...
creating preprocessor file for uart.c...
compiling system_M031Series.c...
compiling retarget.c...
compiling clk.c...
creating preprocessor file for spi.c...
creating preprocessor file for main.c...
compiling uart.c...
compiling spi.c...
compiling main.c...
linking...
Program Size: Code=2896 RO-data=312 RW-data=20 ZI-data=516  
FromELF: creating hex file...
After Build - User command #1: fromelf --bin ".\obj\WS2812B.axf" --output ".\obj\WS2812B.bin"
After Build - User command #2: fromelf --text -c ".\obj\WS2812B.axf" --output ".\obj\WS2812B.txt"
".\obj\WS2812B.axf" - 0 Error(s), 0 Warning(s).
Build Time Elapsed:  00:00:09
</pre>
</body>
</html>
